// Jest Snapshot v1, https://goo.gl/fbAQLP

exports[`Snapshots App should render application 1`] = `
<span>
  <div
    style={
      Object {
        "display": "flex",
        "height": "100%",
      }
    }
  >
    <div
      style={
        Object {
          "flexGrow": 1,
        }
      }
    >
      <div
        style={
          Object {
            "padding": "1rem",
            "textAlign": "center",
          }
        }
      >
        Welcome To Buffer Accounts
      </div>
    </div>
    <div
      style={
        Object {
          "position": "absolute",
          "right": 0,
          "top": 0,
        }
      }
    >
      <div
        style={
          Object {
            "display": "flex",
            "flexDirection": "column",
            "marginRight": "1rem",
            "marginTop": "1rem",
            "width": "25rem",
          }
        }
      />
    </div>
  </div>
</span>
`;
